This is pdfTeX, Version 3.141592653-2.6-1.40.25 (TeX Live 2023/Debian) (preloaded format=pdflatex 2026.6.14)  18 JUN 2026 23:19
entering extended mode
 restricted \write18 enabled.
 %&-line parsing enabled.
**toricgt_toric_bgg_rewrite_amelie_schreiber.tex
(./toricgt_toric_bgg_rewrite_amelie_schreiber.tex
LaTeX2e <2023-11-01> patch level 1
L3 programming layer <2024-01-22>
(/usr/share/texlive/texmf-dist/tex/latex/base/article.cls
Document Class: article 2023/05/17 v1.4n Standard LaTeX document class
(/usr/share/texlive/texmf-dist/tex/latex/base/size11.clo
File: size11.clo 2023/05/17 v1.4n Standard LaTeX file (size option)
)
\c@part=\count187
\c@section=\count188
\c@subsection=\count189
\c@subsubsection=\count190
\c@paragraph=\count191
\c@subparagraph=\count192
\c@figure=\count193
\c@table=\count194
\abovecaptionskip=\skip48
\belowcaptionskip=\skip49
\bibindent=\dimen140
)
(/usr/share/texlive/texmf-dist/tex/latex/geometry/geometry.sty
Package: geometry 2020/01/02 v5.9 Page Geometry

(/usr/share/texlive/texmf-dist/tex/latex/graphics/keyval.sty
Package: keyval 2022/05/29 v1.15 key=value parser (DPC)
\KV@toks@=\toks17
)
(/usr/share/texlive/texmf-dist/tex/generic/iftex/ifvtex.sty
Package: ifvtex 2019/10/25 v1.7 ifvtex legacy package. Use iftex instead.

(/usr/share/texlive/texmf-dist/tex/generic/iftex/iftex.sty
Package: iftex 2022/02/03 v1.0f TeX engine tests
))
\Gm@cnth=\count195
\Gm@cntv=\count196
\c@Gm@tempcnt=\count197
\Gm@bindingoffset=\dimen141
\Gm@wd@mp=\dimen142
\Gm@odd@mp=\dimen143
\Gm@even@mp=\dimen144
\Gm@layoutwidth=\dimen145
\Gm@layoutheight=\dimen146
\Gm@layouthoffset=\dimen147
\Gm@layoutvoffset=\dimen148
\Gm@dimlist=\toks18
)
(/usr/share/texlive/texmf-dist/tex/latex/base/inputenc.sty
Package: inputenc 2021/02/14 v1.3d Input encoding file
\inpenc@prehook=\toks19
\inpenc@posthook=\toks20
)
(/usr/share/texlive/texmf-dist/tex/latex/base/fontenc.sty
Package: fontenc 2021/04/29 v2.0v Standard LaTeX package
)
   defining Unicode char U+05DB (decimal 1499)
   defining Unicode char U+05EA (decimal 1514)
   defining Unicode char U+05D1 (decimal 1489)
   defining Unicode char U+05BC (decimal 1468)
   defining Unicode char U+05B8 (decimal 1464)
   defining Unicode char U+05B7 (decimal 1463)

(/usr/share/texlive/texmf-dist/tex/latex/amsmath/amsmath.sty
Package: amsmath 2023/05/13 v2.17o AMS math features
\@mathmargin=\skip50

For additional information on amsmath, use the `?' option.
(/usr/share/texlive/texmf-dist/tex/latex/amsmath/amstext.sty
Package: amstext 2021/08/26 v2.01 AMS text

(/usr/share/texlive/texmf-dist/tex/latex/amsmath/amsgen.sty
File: amsgen.sty 1999/11/30 v2.0 generic functions
\@emptytoks=\toks21
\ex@=\dimen149
))
(/usr/share/texlive/texmf-dist/tex/latex/amsmath/amsbsy.sty
Package: amsbsy 1999/11/29 v1.2d Bold Symbols
\pmbraise@=\dimen150
)
(/usr/share/texlive/texmf-dist/tex/latex/amsmath/amsopn.sty
Package: amsopn 2022/04/08 v2.04 operator names
)
\inf@bad=\count198
LaTeX Info: Redefining \frac on input line 234.
\uproot@=\count199
\leftroot@=\count266
LaTeX Info: Redefining \overline on input line 399.
LaTeX Info: Redefining \colon on input line 410.
\classnum@=\count267
\DOTSCASE@=\count268
LaTeX Info: Redefining \ldots on input line 496.
LaTeX Info: Redefining \dots on input line 499.
LaTeX Info: Redefining \cdots on input line 620.
\Mathstrutbox@=\box51
\strutbox@=\box52
LaTeX Info: Redefining \big on input line 722.
LaTeX Info: Redefining \Big on input line 723.
LaTeX Info: Redefining \bigg on input line 724.
LaTeX Info: Redefining \Bigg on input line 725.
\big@size=\dimen151
LaTeX Font Info:    Redeclaring font encoding OML on input line 743.
LaTeX Font Info:    Redeclaring font encoding OMS on input line 744.
\macc@depth=\count269
LaTeX Info: Redefining \bmod on input line 905.
LaTeX Info: Redefining \pmod on input line 910.
LaTeX Info: Redefining \smash on input line 940.
LaTeX Info: Redefining \relbar on input line 970.
LaTeX Info: Redefining \Relbar on input line 971.
\c@MaxMatrixCols=\count270
\dotsspace@=\muskip16
\c@parentequation=\count271
\dspbrk@lvl=\count272
\tag@help=\toks22
\row@=\count273
\column@=\count274
\maxfields@=\count275
\andhelp@=\toks23
\eqnshift@=\dimen152
\alignsep@=\dimen153
\tagshift@=\dimen154
\tagwidth@=\dimen155
\totwidth@=\dimen156
\lineht@=\dimen157
\@envbody=\toks24
\multlinegap=\skip51
\multlinetaggap=\skip52
\mathdisplay@stack=\toks25
LaTeX Info: Redefining \[ on input line 2953.
LaTeX Info: Redefining \] on input line 2954.
)
(/usr/share/texlive/texmf-dist/tex/latex/amsfonts/amssymb.sty
Package: amssymb 2013/01/14 v3.01 AMS font symbols

(/usr/share/texlive/texmf-dist/tex/latex/amsfonts/amsfonts.sty
Package: amsfonts 2013/01/14 v3.01 Basic AMSFonts support
\symAMSa=\mathgroup4
\symAMSb=\mathgroup5
LaTeX Font Info:    Redeclaring math symbol \hbar on input line 98.
LaTeX Font Info:    Overwriting math alphabet `\mathfrak' in version `bold'
(Font)                  U/euf/m/n --> U/euf/b/n on input line 106.
))
(/usr/share/texlive/texmf-dist/tex/latex/amscls/amsthm.sty
Package: amsthm 2020/05/29 v2.20.6
\thm@style=\toks26
\thm@bodyfont=\toks27
\thm@headfont=\toks28
\thm@notefont=\toks29
\thm@headpunct=\toks30
\thm@preskip=\skip53
\thm@postskip=\skip54
\thm@headsep=\skip55
\dth@everypar=\toks31
)
(/home/iska/texmf/tex/latex/mathtools/mathtools.sty
Package: mathtools 2024/03/11 v1.30 mathematical typesetting tools

(/usr/share/texlive/texmf-dist/tex/latex/tools/calc.sty
Package: calc 2023/07/08 v4.3 Infix arithmetic (KKT,FJ)
\calc@Acount=\count276
\calc@Bcount=\count277
\calc@Adimen=\dimen158
\calc@Bdimen=\dimen159
\calc@Askip=\skip56
\calc@Bskip=\skip57
LaTeX Info: Redefining \setlength on input line 80.
LaTeX Info: Redefining \addtolength on input line 81.
\calc@Ccount=\count278
\calc@Cskip=\skip58
)
(/home/iska/texmf/tex/latex/mathtools/mhsetup.sty
Package: mhsetup 2021/03/18 v1.4 programming setup (MH)
)
\g_MT_multlinerow_int=\count279
\l_MT_multwidth_dim=\dimen160
\origjot=\skip59
\l_MT_shortvdotswithinadjustabove_dim=\dimen161
\l_MT_shortvdotswithinadjustbelow_dim=\dimen162
\l_MT_above_intertext_sep=\dimen163
\l_MT_below_intertext_sep=\dimen164
\l_MT_above_shortintertext_sep=\dimen165
\l_MT_below_shortintertext_sep=\dimen166
\xmathstrut@box=\box53
\xmathstrut@dim=\dimen167
)
(/home/iska/texmf/tex/latex/booktabs/booktabs.sty
Package: booktabs 2020/01/12 v1.61803398 Publication quality tables
\heavyrulewidth=\dimen168
\lightrulewidth=\dimen169
\cmidrulewidth=\dimen170
\belowrulesep=\dimen171
\belowbottomsep=\dimen172
\aboverulesep=\dimen173
\abovetopsep=\dimen174
\cmidrulesep=\dimen175
\cmidrulekern=\dimen176
\defaultaddspace=\dimen177
\@cmidla=\count280
\@cmidlb=\count281
\@aboverulesep=\dimen178
\@belowrulesep=\dimen179
\@thisruleclass=\count282
\@lastruleclass=\count283
\@thisrulewidth=\dimen180
)
(/usr/share/texlive/texmf-dist/tex/latex/tools/array.sty
Package: array 2023/10/16 v2.5g Tabular extension package (FMi)
\col@sep=\dimen181
\ar@mcellbox=\box54
\extrarowheight=\dimen182
\NC@list=\toks32
\extratabsurround=\skip60
\backup@length=\skip61
\ar@cellbox=\box55
)
(/usr/share/texlive/texmf-dist/tex/latex/tools/longtable.sty
Package: longtable 2023-11-01 v4.19 Multi-page Table package (DPC)
\LTleft=\skip62
\LTright=\skip63
\LTpre=\skip64
\LTpost=\skip65
\LTchunksize=\count284
\LTcapwidth=\dimen183
\LT@head=\box56
\LT@firsthead=\box57
\LT@foot=\box58
\LT@lastfoot=\box59
\LT@gbox=\box60
\LT@cols=\count285
\LT@rows=\count286
\c@LT@tables=\count287
\c@LT@chunks=\count288
\LT@p@ftn=\toks33
)
(/home/iska/texmf/tex/latex/multirow/multirow.sty
Package: multirow 2021/03/15 v2.8 Span multiple rows of a table
\multirow@colwidth=\skip66
\multirow@cntb=\count289
\multirow@dima=\skip67
\bigstrutjot=\dimen184
)
(/home/iska/texmf/tex/latex/enumitem/enumitem.sty
Package: enumitem 2019/06/20 v3.9 Customized lists
\labelindent=\skip68
\enit@outerparindent=\dimen185
\enit@toks=\toks34
\enit@inbox=\box61
\enit@count@id=\count290
\enitdp@description=\count291
)
(/usr/share/texlive/texmf-dist/tex/latex/graphics/graphicx.sty
Package: graphicx 2021/09/16 v1.2d Enhanced LaTeX Graphics (DPC,SPQR)

(/usr/share/texlive/texmf-dist/tex/latex/graphics/graphics.sty
Package: graphics 2022/03/10 v1.4e Standard LaTeX Graphics (DPC,SPQR)

(/usr/share/texlive/texmf-dist/tex/latex/graphics/trig.sty
Package: trig 2021/08/11 v1.11 sin cos tan (DPC)
)
(/usr/share/texlive/texmf-dist/tex/latex/graphics-cfg/graphics.cfg
File: graphics.cfg 2016/06/04 v1.11 sample graphics configuration
)
Package graphics Info: Driver file: pdftex.def on input line 107.

(/usr/share/texlive/texmf-dist/tex/latex/graphics-def/pdftex.def
File: pdftex.def 2022/09/22 v1.2b Graphics/color driver for pdftex
))
\Gin@req@height=\dimen186
\Gin@req@width=\dimen187
)
(/home/iska/texmf/tex/latex/caption/caption.sty
Package: caption 2023/08/05 v3.6o Customizing captions (AR)

(/home/iska/texmf/tex/latex/caption/caption3.sty
Package: caption3 2023/07/31 v2.4d caption3 kernel (AR)
\caption@tempdima=\dimen188
\captionmargin=\dimen189
\caption@leftmargin=\dimen190
\caption@rightmargin=\dimen191
\caption@width=\dimen192
\caption@indent=\dimen193
\caption@parindent=\dimen194
\caption@hangindent=\dimen195
Package caption Info: Standard document class detected.
)
\c@caption@flags=\count292
\c@continuedfloat=\count293
Package caption Info: longtable package is loaded.

(/home/iska/texmf/tex/latex/caption/ltcaption.sty
Package: ltcaption 2021/01/08 v1.4c longtable captions (AR)
))
(/home/iska/texmf/tex/latex/caption/subcaption.sty
Package: subcaption 2023/07/28 v1.6b Sub-captions (AR)
Package caption Info: New subtype `subfigure' on input line 238.
\c@subfigure=\count294
Package caption Info: New subtype `subtable' on input line 238.
\c@subtable=\count295
)
(/home/iska/texmf/tex/latex/float/float.sty
Package: float 2001/11/08 v1.3d Float enhancements (AL)
\c@float@type=\count296
\float@exts=\toks35
\float@box=\box62
\@float@everytoks=\toks36
\@floatcapt=\box63
)
(/home/iska/texmf/tex/latex/xcolor/xcolor.sty
Package: xcolor 2023/11/15 v3.01 LaTeX color extensions (UK)

(/usr/share/texlive/texmf-dist/tex/latex/graphics-cfg/color.cfg
File: color.cfg 2016/01/02 v1.6 sample color configuration
)
Package xcolor Info: Driver file: pdftex.def on input line 274.

(/usr/share/texlive/texmf-dist/tex/latex/graphics/mathcolor.ltx)
Package xcolor Info: Model `cmy' substituted by `cmy0' on input line 1350.
Package xcolor Info: Model `hsb' substituted by `rgb' on input line 1354.
Package xcolor Info: Model `RGB' extended on input line 1366.
Package xcolor Info: Model `HTML' substituted by `rgb' on input line 1368.
Package xcolor Info: Model `Hsb' substituted by `hsb' on input line 1369.
Package xcolor Info: Model `tHsb' substituted by `hsb' on input line 1370.
Package xcolor Info: Model `HSB' substituted by `hsb' on input line 1371.
Package xcolor Info: Model `Gray' substituted by `gray' on input line 1372.
Package xcolor Info: Model `wave' substituted by `hsb' on input line 1373.
)
(/home/iska/texmf/tex/latex/microtype/microtype.sty
Package: microtype 2023/03/13 v3.1a Micro-typographical refinements (RS)

(/home/iska/texmf/tex/latex/etoolbox/etoolbox.sty
Package: etoolbox 2020/10/05 v2.5k e-TeX tools for LaTeX (JAW)
\etb@tempcnta=\count297
)
\MT@toks=\toks37
\MT@tempbox=\box64
\MT@count=\count298
LaTeX Info: Redefining \noprotrusionifhmode on input line 1059.
LaTeX Info: Redefining \leftprotrusion on input line 1060.
\MT@prot@toks=\toks38
LaTeX Info: Redefining \rightprotrusion on input line 1078.
LaTeX Info: Redefining \textls on input line 1368.
\MT@outer@kern=\dimen196
LaTeX Info: Redefining \textmicrotypecontext on input line 1988.
\MT@listname@count=\count299

(/home/iska/texmf/tex/latex/microtype/microtype-pdftex.def
File: microtype-pdftex.def 2023/03/13 v3.1a Definitions specific to pdftex (RS)

LaTeX Info: Redefining \lsstyle on input line 902.
LaTeX Info: Redefining \lslig on input line 902.
\MT@outer@space=\skip69
)
Package microtype Info: Loading configuration file microtype.cfg.

(/home/iska/texmf/tex/latex/microtype/microtype.cfg
File: microtype.cfg 2023/03/13 v3.1a microtype main configuration file (RS)
))
(/usr/share/texlive/texmf-dist/tex/latex/hyperref/hyperref.sty
Package: hyperref 2024-01-20 v7.01h Hypertext links for LaTeX

(/usr/share/texlive/texmf-dist/tex/latex/kvsetkeys/kvsetkeys.sty
Package: kvsetkeys 2022-10-05 v1.19 Key value parser (HO)
)
(/usr/share/texlive/texmf-dist/tex/generic/kvdefinekeys/kvdefinekeys.sty
Package: kvdefinekeys 2019-12-19 v1.6 Define keys (HO)
)
(/usr/share/texlive/texmf-dist/tex/generic/pdfescape/pdfescape.sty
Package: pdfescape 2019/12/09 v1.15 Implements pdfTeX's escape features (HO)

(/usr/share/texlive/texmf-dist/tex/generic/ltxcmds/ltxcmds.sty
Package: ltxcmds 2023-12-04 v1.26 LaTeX kernel commands for general use (HO)
)
(/usr/share/texlive/texmf-dist/tex/generic/pdftexcmds/pdftexcmds.sty
Package: pdftexcmds 2020-06-27 v0.33 Utility functions of pdfTeX for LuaTeX (HO
)

(/usr/share/texlive/texmf-dist/tex/generic/infwarerr/infwarerr.sty
Package: infwarerr 2019/12/03 v1.5 Providing info/warning/error messages (HO)
)
Package pdftexcmds Info: \pdf@primitive is available.
Package pdftexcmds Info: \pdf@ifprimitive is available.
Package pdftexcmds Info: \pdfdraftmode found.
))
(/usr/share/texlive/texmf-dist/tex/latex/hycolor/hycolor.sty
Package: hycolor 2020-01-27 v1.10 Color options for hyperref/bookmark (HO)
)
(/usr/share/texlive/texmf-dist/tex/latex/auxhook/auxhook.sty
Package: auxhook 2019-12-17 v1.6 Hooks for auxiliary files (HO)
)
(/usr/share/texlive/texmf-dist/tex/latex/hyperref/nameref.sty
Package: nameref 2023-11-26 v2.56 Cross-referencing by name of section

(/usr/share/texlive/texmf-dist/tex/latex/refcount/refcount.sty
Package: refcount 2019/12/15 v3.6 Data extraction from label references (HO)
)
(/usr/share/texlive/texmf-dist/tex/generic/gettitlestring/gettitlestring.sty
Package: gettitlestring 2019/12/15 v1.6 Cleanup title references (HO)

(/usr/share/texlive/texmf-dist/tex/latex/kvoptions/kvoptions.sty
Package: kvoptions 2022-06-15 v3.15 Key value format for package options (HO)
))
\c@section@level=\count300
)
\@linkdim=\dimen197
\Hy@linkcounter=\count301
\Hy@pagecounter=\count302

(/usr/share/texlive/texmf-dist/tex/latex/hyperref/pd1enc.def
File: pd1enc.def 2024-01-20 v7.01h Hyperref: PDFDocEncoding definition (HO)
Now handling font encoding PD1 ...
... no UTF-8 mapping file for font encoding PD1
)
(/usr/share/texlive/texmf-dist/tex/generic/intcalc/intcalc.sty
Package: intcalc 2019/12/15 v1.3 Expandable calculations with integers (HO)
)
\Hy@SavedSpaceFactor=\count303

(/usr/share/texlive/texmf-dist/tex/latex/hyperref/puenc.def
File: puenc.def 2024-01-20 v7.01h Hyperref: PDF Unicode definition (HO)
Now handling font encoding PU ...
... no UTF-8 mapping file for font encoding PU
)
Package hyperref Info: Hyper figures OFF on input line 4179.
Package hyperref Info: Link nesting OFF on input line 4184.
Package hyperref Info: Hyper index ON on input line 4187.
Package hyperref Info: Plain pages OFF on input line 4194.
Package hyperref Info: Backreferencing OFF on input line 4199.
Package hyperref Info: Implicit mode ON; LaTeX internals redefined.
Package hyperref Info: Bookmarks ON on input line 4446.
\c@Hy@tempcnt=\count304

(/usr/share/texlive/texmf-dist/tex/latex/url/url.sty
\Urlmuskip=\muskip17
Package: url 2013/09/16  ver 3.4  Verb mode for urls, etc.
)
LaTeX Info: Redefining \url on input line 4784.
\XeTeXLinkMargin=\dimen198

(/usr/share/texlive/texmf-dist/tex/generic/bitset/bitset.sty
Package: bitset 2019/12/09 v1.3 Handle bit-vector datatype (HO)

(/usr/share/texlive/texmf-dist/tex/generic/bigintcalc/bigintcalc.sty
Package: bigintcalc 2019/12/15 v1.5 Expandable calculations on big integers (HO
)
))
\Fld@menulength=\count305
\Field@Width=\dimen199
\Fld@charsize=\dimen256
Package hyperref Info: Hyper figures OFF on input line 6063.
Package hyperref Info: Link nesting OFF on input line 6068.
Package hyperref Info: Hyper index ON on input line 6071.
Package hyperref Info: backreferencing OFF on input line 6078.
Package hyperref Info: Link coloring OFF on input line 6083.
Package hyperref Info: Link coloring with OCG OFF on input line 6088.
Package hyperref Info: PDF/A mode OFF on input line 6093.

(/usr/share/texlive/texmf-dist/tex/latex/base/atbegshi-ltx.sty
Package: atbegshi-ltx 2021/01/10 v1.0c Emulation of the original atbegshi
package with kernel methods
)
\Hy@abspage=\count306
\c@Item=\count307
\c@Hfootnote=\count308
)
Package hyperref Info: Driver (autodetected): hpdftex.

(/usr/share/texlive/texmf-dist/tex/latex/hyperref/hpdftex.def
File: hpdftex.def 2024-01-20 v7.01h Hyperref driver for pdfTeX

(/usr/share/texlive/texmf-dist/tex/latex/base/atveryend-ltx.sty
Package: atveryend-ltx 2020/08/19 v1.0a Emulation of the original atveryend pac
kage
with kernel methods
)
\Fld@listcount=\count309
\c@bookmark@seq@number=\count310

(/usr/share/texlive/texmf-dist/tex/latex/rerunfilecheck/rerunfilecheck.sty
Package: rerunfilecheck 2022-07-10 v1.10 Rerun checks for auxiliary files (HO)

(/usr/share/texlive/texmf-dist/tex/generic/uniquecounter/uniquecounter.sty
Package: uniquecounter 2019/12/15 v1.4 Provide unlimited unique counter (HO)
)
Package uniquecounter Info: New unique counter `rerunfilecheck' on input line 2
85.
)
\Hy@SectionHShift=\skip70
)
(/home/iska/texmf/tex/latex/cleveref/cleveref.sty
Package: cleveref 2018/03/27 v0.21.4 Intelligent cross-referencing
Package cleveref Info: `hyperref' support loaded on input line 2370.
LaTeX Info: Redefining \cref on input line 2370.
LaTeX Info: Redefining \Cref on input line 2370.
LaTeX Info: Redefining \crefrange on input line 2370.
LaTeX Info: Redefining \Crefrange on input line 2370.
LaTeX Info: Redefining \cpageref on input line 2370.
LaTeX Info: Redefining \Cpageref on input line 2370.
LaTeX Info: Redefining \cpagerefrange on input line 2370.
LaTeX Info: Redefining \Cpagerefrange on input line 2370.
LaTeX Info: Redefining \labelcref on input line 2370.
LaTeX Info: Redefining \labelcpageref on input line 2370.
Package cleveref Info: `amsthm' support loaded on input line 3026.
Package cleveref Info: include cross-reference names in hyperlinks on input lin
e 7836.
Package cleveref Info: include cross-reference names in hyperlinks on input lin
e 7852.
Package cleveref Info: no abbreviation of names on input line 7852.
)
Package hyperref Info: Option `colorlinks' set `true' on input line 48.
\c@definition=\count311

(/usr/share/texlive/texmf-dist/tex/latex/l3backend/l3backend-pdftex.def
File: l3backend-pdftex.def 2024-01-04 L3 backend support: PDF output (pdfTeX)
\l__color_backend_stack_int=\count312
\l__pdf_internal_box=\box65
)
(./toricgt_toric_bgg_rewrite_amelie_schreiber.aux)
\openout1 = `toricgt_toric_bgg_rewrite_amelie_schreiber.aux'.

LaTeX Font Info:    Checking defaults for OML/cmm/m/it on input line 121.
LaTeX Font Info:    ... okay on input line 121.
LaTeX Font Info:    Checking defaults for OMS/cmsy/m/n on input line 121.
LaTeX Font Info:    ... okay on input line 121.
LaTeX Font Info:    Checking defaults for OT1/cmr/m/n on input line 121.
LaTeX Font Info:    ... okay on input line 121.
LaTeX Font Info:    Checking defaults for T1/cmr/m/n on input line 121.
LaTeX Font Info:    ... okay on input line 121.
LaTeX Font Info:    Checking defaults for TS1/cmr/m/n on input line 121.
LaTeX Font Info:    ... okay on input line 121.
LaTeX Font Info:    Checking defaults for OMX/cmex/m/n on input line 121.
LaTeX Font Info:    ... okay on input line 121.
LaTeX Font Info:    Checking defaults for U/cmr/m/n on input line 121.
LaTeX Font Info:    ... okay on input line 121.
LaTeX Font Info:    Checking defaults for PD1/pdf/m/n on input line 121.
LaTeX Font Info:    ... okay on input line 121.
LaTeX Font Info:    Checking defaults for PU/pdf/m/n on input line 121.
LaTeX Font Info:    ... okay on input line 121.

*geometry* driver: auto-detecting
*geometry* detected driver: pdftex
*geometry* verbose mode - [ preamble ] result:
* driver: pdftex
* paper: <default>
* layout: <same size as paper>
* layoutoffset:(h,v)=(0.0pt,0.0pt)
* modes: 
* h-part:(L,W,R)=(72.26999pt, 469.75502pt, 72.26999pt)
* v-part:(T,H,B)=(72.26999pt, 650.43001pt, 72.26999pt)
* \paperwidth=614.295pt
* \paperheight=794.96999pt
* \textwidth=469.75502pt
* \textheight=650.43001pt
* \oddsidemargin=0.0pt
* \evensidemargin=0.0pt
* \topmargin=-37.0pt
* \headheight=12.0pt
* \headsep=25.0pt
* \topskip=11.0pt
* \footskip=30.0pt
* \marginparwidth=59.0pt
* \marginparsep=10.0pt
* \columnsep=10.0pt
* \skip\footins=10.0pt plus 4.0pt minus 2.0pt
* \hoffset=0.0pt
* \voffset=0.0pt
* \mag=1000
* \@twocolumnfalse
* \@twosidefalse
* \@mparswitchfalse
* \@reversemarginfalse
* (1in=72.27pt=25.4mm, 1cm=28.453pt)

(/usr/share/texlive/texmf-dist/tex/context/base/mkii/supp-pdf.mkii
[Loading MPS to PDF converter (version 2006.09.02).]
\scratchcounter=\count313
\scratchdimen=\dimen257
\scratchbox=\box66
\nofMPsegments=\count314
\nofMParguments=\count315
\everyMPshowfont=\toks39
\MPscratchCnt=\count316
\MPscratchDim=\dimen258
\MPnumerator=\count317
\makeMPintoPDFobject=\count318
\everyMPtoPDFconversion=\toks40
) (/usr/share/texlive/texmf-dist/tex/latex/epstopdf-pkg/epstopdf-base.sty
Package: epstopdf-base 2020-01-24 v2.11 Base part for package epstopdf

(/usr/share/texlive/texmf-dist/tex/latex/grfext/grfext.sty
Package: grfext 2019/12/03 v1.3 Manage graphics extensions (HO)
)
Package epstopdf-base Info: Redefining graphics rule for `.eps' on input line 4
85.
Package grfext Info: Graphics extension search list:
(grfext)             [.pdf,.png,.jpg,.mps,.jpeg,.jbig2,.jb2,.PDF,.PNG,.JPG,.JPE
G,.JBIG2,.JB2,.eps]
(grfext)             \AppendGraphicsExtensions on input line 504.

(/usr/share/texlive/texmf-dist/tex/latex/latexconfig/epstopdf-sys.cfg
File: epstopdf-sys.cfg 2010/07/13 v1.3 Configuration of (r)epstopdf for TeX Liv
e
))
Package caption Info: Begin \AtBeginDocument code.
Package caption Info: float package is loaded.
Package caption Info: hyperref package is loaded.
Package caption Info: End \AtBeginDocument code.
LaTeX Info: Redefining \microtypecontext on input line 121.
Package microtype Info: Applying patch `item' on input line 121.
Package microtype Info: Applying patch `toc' on input line 121.
Package microtype Info: Applying patch `eqnum' on input line 121.
Package microtype Info: Applying patch `footnote' on input line 121.
Package microtype Info: Applying patch `verbatim' on input line 121.
Package microtype Info: Generating PDF output.
Package microtype Info: Character protrusion enabled (level 2).
Package microtype Info: Using default protrusion set `alltext'.
Package microtype Info: No font expansion.
Package microtype Info: No adjustment of tracking.
Package microtype Info: No adjustment of interword spacing.
Package microtype Info: No adjustment of character kerning.

(/home/iska/texmf/tex/latex/microtype/mt-cmr.cfg
File: mt-cmr.cfg 2013/05/19 v2.2 microtype config. file: Computer Modern Roman 
(RS)
)
Package hyperref Info: Link coloring ON on input line 121.

(./toricgt_toric_bgg_rewrite_amelie_schreiber.out)
(./toricgt_toric_bgg_rewrite_amelie_schreiber.out)
\@outlinefile=\write3
\openout3 = `toricgt_toric_bgg_rewrite_amelie_schreiber.out'.

LaTeX Font Info:    Trying to load font information for U+msa on input line 123
.

(/usr/share/texlive/texmf-dist/tex/latex/amsfonts/umsa.fd
File: umsa.fd 2013/01/14 v3.01 AMS symbols A
)
(/home/iska/texmf/tex/latex/microtype/mt-msa.cfg
File: mt-msa.cfg 2006/02/04 v1.1 microtype config. file: AMS symbols (a) (RS)
)
LaTeX Font Info:    Trying to load font information for U+msb on input line 123
.

(/usr/share/texlive/texmf-dist/tex/latex/amsfonts/umsb.fd
File: umsb.fd 2013/01/14 v3.01 AMS symbols B
)
(/home/iska/texmf/tex/latex/microtype/mt-msb.cfg
File: mt-msb.cfg 2005/06/01 v1.0 microtype config. file: AMS symbols (b) (RS)
)
(./toricgt_toric_bgg_rewrite_amelie_schreiber.toc [1

{/var/lib/texmf/fonts/map/pdftex/updmap/pdftex.map}] [2] [3])
\tf@toc=\write4
\openout4 = `toricgt_toric_bgg_rewrite_amelie_schreiber.toc'.

 [4]
Package microtype Info: Loading generic protrusion settings for font family
(microtype)             `cmss' (encoding: OT1).
(microtype)             For optimal results, create family-specific settings.
(microtype)             See the microtype manual for details.
<toricgt_architecture_and_training_diagram.png, id=558, 1678.27pt x 944.52875pt
>
File: toricgt_architecture_and_training_diagram.png Graphic file (type png)
<use toricgt_architecture_and_training_diagram.png>
Package pdftex.def Info: toricgt_architecture_and_training_diagram.png  used on
 input line 151.
(pdftex.def)             Requested size: 469.75502pt x 264.37978pt.

Overfull \hbox (15.0112pt too wide) in paragraph at lines 161--162
[]\T1/cmr/m/it/10.95 Semiring vis-i-bil-ity\T1/cmr/m/n/10.95 : trop-i-cal heads
 ex-pose ac-tive max-i-miz-ers and mar-gins, so dynamic-programming
 []

[5] [6 <./toricgt_architecture_and_training_diagram.png (PNG copy)>] [7]
[8] [9] [10] [11] [12]
<./toricgt_pg_softmoe_figures/fig_tropical_active_faces.pdf, id=674, 685.3369pt
 x 292.69351pt>
File: ./toricgt_pg_softmoe_figures/fig_tropical_active_faces.pdf Graphic file (
type pdf)
<use ./toricgt_pg_softmoe_figures/fig_tropical_active_faces.pdf>
Package pdftex.def Info: ./toricgt_pg_softmoe_figures/fig_tropical_active_faces
.pdf  used on input line 471.
(pdftex.def)             Requested size: 469.75502pt x 200.62782pt.
 [13 <./toricgt_pg_softmoe_figures/fig_tropical_active_faces.pdf>] [14]
<./toricgt_pg_softmoe_figures/fig_toric_geometry_relu_toricgt.pdf, id=762, 1004
.553pt x 455.30101pt>
File: ./toricgt_pg_softmoe_figures/fig_toric_geometry_relu_toricgt.pdf Graphic 
file (type pdf)
<use ./toricgt_pg_softmoe_figures/fig_toric_geometry_relu_toricgt.pdf>
Package pdftex.def Info: ./toricgt_pg_softmoe_figures/fig_toric_geometry_relu_t
oricgt.pdf  used on input line 558.
(pdftex.def)             Requested size: 469.75502pt x 212.90771pt.
 [15 <./toricgt_pg_softmoe_figures/fig_toric_geometry_relu_toricgt.pdf>] [16]
Overfull \hbox (1.4582pt too wide) in paragraph at lines 652--654
\T1/cmr/m/n/10.95 where $\OMS/cmsy/m/n/10.95 P$ \T1/cmr/m/n/10.95 pairs walls t
hat are equiv-a-lent un-der graph re-la-bel-ing, al-ge-braic nor-mal form, or m
orphology-
 []

[17] [18] [19] [20] [21]
Overfull \hbox (16.4966pt too wide) in paragraph at lines 889--890
[]\T1/cmr/m/n/10.95 export a side-car JSON con-tain-ing the ra-tio-nal ex-po-ne
nt ta-ble $\OML/cmm/m/it/10.95 A$\T1/cmr/m/n/10.95 , bi-ases $\OML/cmm/m/it/10.
95 b$\T1/cmr/m/n/10.95 , lat-tice ba-sis, denominator-
 []


Overfull \hbox (0.69467pt too wide) in paragraph at lines 889--890
\T1/cmr/m/n/10.95 clearing scale, co-ef-fi-cient val-u-a-tion con-ven-tion, max
-plus/min-initial sign con-ven-tion, head/layer
 []

LaTeX Font Info:    Trying to load font information for T1+cmtt on input line 8
91.
(/usr/share/texlive/texmf-dist/tex/latex/base/t1cmtt.fd
File: t1cmtt.fd 2023/04/13 v2.5m Standard LaTeX font definitions
)
Package microtype Info: Loading generic protrusion settings for font family
(microtype)             `cmtt' (encoding: T1).
(microtype)             For optimal results, create family-specific settings.
(microtype)             See the microtype manual for details.
 [22]
Overfull \hbox (1.18874pt too wide) in paragraph at lines 893--894
\T1/cmr/m/n/10.95 class prox-ies, parliament-of-polytopes sum-maries, and conve
xity/global-generation checks where
 []


Underfull \hbox (badness 10000) in paragraph at lines 904--905
\T1/cmr/m/n/8 val-u-a-tion meta-data
 []


Underfull \hbox (badness 10000) in paragraph at lines 905--905
[]|\T1/cmr/m/n/8 fan-margin and bend-
 []


Underfull \hbox (badness 10000) in paragraph at lines 906--906
[]|\T1/cmr/m/n/8 Cycles and Chow
 []


Underfull \hbox (badness 1253) in paragraph at lines 906--906
[]|\T1/cmr/m/n/8 balanced mul-ti-plic-i-ties or cer-ti-fied
 []


Underfull \hbox (badness 1424) in paragraph at lines 906--907
[]|\T1/cmr/m/n/8 visualization only if
 []


Underfull \hbox (badness 2277) in paragraph at lines 907--907
[]|\T1/cmr/m/n/8 Macaulay2 toric ide-als, Groeb-ner
 []


Underfull \hbox (badness 2119) in paragraph at lines 907--907
\T1/cmr/m/n/8 fer-en-tial, and rank/minor
 []


Underfull \hbox (badness 10000) in paragraph at lines 907--908
[]|\T1/cmr/m/n/8 skip loss if the
 []


Underfull \hbox (badness 10000) in paragraph at lines 907--908
\T1/cmr/m/n/8 bounded win-dow
 []


Underfull \hbox (badness 10000) in paragraph at lines 908--908
[]|\T1/cmr/m/n/8 nestedness, cone-
 []


Underfull \hbox (badness 10000) in paragraph at lines 908--908
\T1/cmr/m/n/8 compatibility, glu-ing,
 []


Underfull \hbox (badness 10000) in paragraph at lines 908--909
\T1/cmr/m/n/8 abled be-fore ex-act
 []


Underfull \hbox (badness 1648) in paragraph at lines 908--909
\T1/cmr/m/n/8 toy-window cer-ti-fi-ca-
 []

[23]
LaTeX Font Info:    Trying to load font information for U+euf on input line 954
.
 (/usr/share/texlive/texmf-dist/tex/latex/amsfonts/ueuf.fd
File: ueuf.fd 2013/01/14 v3.01 Euler Fraktur
)
(/home/iska/texmf/tex/latex/microtype/mt-euf.cfg
File: mt-euf.cfg 2006/07/03 v1.1 microtype config. file: AMS Euler Fraktur (RS)

) [24] [25] [26] [27] [28]
[29] [30]
Overfull \hbox (9.9244pt too wide) in paragraph at lines 1263--1265
\T1/cmr/m/n/10.95 Examples of non-faces in-clude high-confidence/no-evidence, w
arm-validation/unsafe-advice, refusal/no-
 []

[31] [32]
<./toricgt_pg_softmoe_figures/fig_graph_of_thought_branch_merge_dag.pdf, id=115
1, 483.66176pt x 397.66466pt>
File: ./toricgt_pg_softmoe_figures/fig_graph_of_thought_branch_merge_dag.pdf Gr
aphic file (type pdf)
<use ./toricgt_pg_softmoe_figures/fig_graph_of_thought_branch_merge_dag.pdf>
Package pdftex.def Info: ./toricgt_pg_softmoe_figures/fig_graph_of_thought_bran
ch_merge_dag.pdf  used on input line 1351.
(pdftex.def)             Requested size: 432.17375pt x 355.33424pt.
 [33 <./toricgt_pg_softmoe_figures/fig_graph_of_thought_branch_merge_dag.pdf>] 
[34] [35]
Underfull \hbox (badness 1137) in paragraph at lines 1471--1471
\T1/cmr/m/n/10.95 ple fea-si-ble bounded sign
 []


Underfull \hbox (badness 2538) in paragraph at lines 1472--1473
[]|\T1/cmr/m/n/10.95 projective-factor la-bels, stan-dard
 []


Underfull \hbox (badness 10000) in paragraph at lines 1473--1473
[]|\T1/cmr/m/n/10.95 BGG/Koszul com-
 []


Underfull \hbox (badness 10000) in paragraph at lines 1473--1473
[]|\T1/cmr/m/n/10.95 construct signed sparse
 []


Underfull \hbox (badness 10000) in paragraph at lines 1476--1476
[]|\T1/cmr/m/n/10.95 Euler-Koszul cer-tifi-
 []


Underfull \hbox (badness 10000) in paragraph at lines 1477--1478
[]|\T1/cmr/m/n/10.95 retrieval dis-til-la-tion, ana-log-i-cal
 []


Underfull \hbox (badness 10000) in paragraph at lines 1478--1478
[]|\T1/cmr/m/n/10.95 Variety-of-complexes
 []


Underfull \hbox (badness 6961) in paragraph at lines 1478--1479
[]|\T1/cmr/m/n/10.95 chain-composition resid-ual, soft-
 []


Underfull \hbox (badness 2310) in paragraph at lines 1478--1479
\T1/cmr/m/n/10.95 rank stra-tum loss, degeneration-
 []


Underfull \hbox (badness 3098) in paragraph at lines 1479--1479
[]|\T1/cmr/m/n/10.95 compute pre-sen-ta-tion mi-
 []


Underfull \hbox (badness 1997) in paragraph at lines 1479--1479
\T1/cmr/m/n/10.95 nors, Fit-ting ide-als, and
 []


Underfull \hbox (badness 10000) in paragraph at lines 1480--1481
[]|\T1/cmr/m/n/10.95 analogy loss, memory-similarity
 []

[36]
<fig_toric_bgg_training_map.pdf, id=1248, 742.57423pt x 303.82307pt>
File: fig_toric_bgg_training_map.pdf Graphic file (type pdf)
<use fig_toric_bgg_training_map.pdf>
Package pdftex.def Info: fig_toric_bgg_training_map.pdf  used on input line 152
7.
(pdftex.def)             Requested size: 469.75502pt x 192.19766pt.
 [37] [38 <./fig_toric_bgg_training_map.pdf>] [39] [40]
<./toricgt_pg_softmoe_figures/fig_spiral_projection.pdf, id=1388, 574.54652pt x
 317.00249pt>
File: ./toricgt_pg_softmoe_figures/fig_spiral_projection.pdf Graphic file (type
 pdf)
<use ./toricgt_pg_softmoe_figures/fig_spiral_projection.pdf>
Package pdftex.def Info: ./toricgt_pg_softmoe_figures/fig_spiral_projection.pdf
  used on input line 1687.
(pdftex.def)             Requested size: 432.17375pt x 238.45265pt.
 [41]
LaTeX Font Info:    Trying to load font information for T1+cmss on input line 1
731.

(/usr/share/texlive/texmf-dist/tex/latex/base/t1cmss.fd
File: t1cmss.fd 2023/04/13 v2.5m Standard LaTeX font definitions
)
Package microtype Info: Loading generic protrusion settings for font family
(microtype)             `cmss' (encoding: T1).
(microtype)             For optimal results, create family-specific settings.
(microtype)             See the microtype manual for details.
 [42 <./toricgt_pg_softmoe_figures/fig_spiral_projection.pdf>]
<./toricgt_pg_softmoe_figures/fig_hebrew_root_graph.pdf, id=1457, 630.55576pt x
 320.51746pt>
File: ./toricgt_pg_softmoe_figures/fig_hebrew_root_graph.pdf Graphic file (type
 pdf)
<use ./toricgt_pg_softmoe_figures/fig_hebrew_root_graph.pdf>
Package pdftex.def Info: ./toricgt_pg_softmoe_figures/fig_hebrew_root_graph.pdf
  used on input line 1759.
(pdftex.def)             Requested size: 469.75502pt x 238.78824pt.
 [43] [44 <./toricgt_pg_softmoe_figures/fig_hebrew_root_graph.pdf>] [45]
<./toricgt_pg_softmoe_figures/fig_reasoning_capacity.pdf, id=1566, 630.55576pt 
x 337.21182pt>
File: ./toricgt_pg_softmoe_figures/fig_reasoning_capacity.pdf Graphic file (typ
e pdf)
<use ./toricgt_pg_softmoe_figures/fig_reasoning_capacity.pdf>
Package pdftex.def Info: ./toricgt_pg_softmoe_figures/fig_reasoning_capacity.pd
f  used on input line 1866.
(pdftex.def)             Requested size: 469.75502pt x 251.2257pt.

Overfull \hbox (24.2372pt too wide) in paragraph at lines 1872--1873
\T1/cmr/m/n/10.95 graphs when ap-pli-ca-ble, proof-dependency graphs, GFlowNet 
ter-mi-nal sam-ples, and re-ward/margin/error
 []


Underfull \hbox (badness 2653) in paragraph at lines 1880--1880
[]|$[]$ \T1/cmr/m/n/10.95 over ran-
 []


Underfull \hbox (badness 2165) in paragraph at lines 1880--1881
[]|\T1/cmr/m/n/10.95 absolute-position leak-age, edge-
 []


Underfull \hbox (badness 2351) in paragraph at lines 1885--1885
[]|$[]$\T1/cmr/m/n/10.95 , $[]$, argmax
 []


Underfull \hbox (badness 10000) in paragraph at lines 1885--1886
[]|\T1/cmr/m/n/10.95 quantization dam-ag-ing long-
 []

[46]
<./toricgt_pg_softmoe_figures/fig_visualization_dashboard.pdf, id=1579, 658.560
35pt x 348.34142pt>
File: ./toricgt_pg_softmoe_figures/fig_visualization_dashboard.pdf Graphic file
 (type pdf)
<use ./toricgt_pg_softmoe_figures/fig_visualization_dashboard.pdf>
Package pdftex.def Info: ./toricgt_pg_softmoe_figures/fig_visualization_dashboa
rd.pdf  used on input line 1891.
(pdftex.def)             Requested size: 469.75502pt x 248.48285pt.
 [47] [48 <./toricgt_pg_softmoe_figures/fig_reasoning_capacity.pdf>]
Overfull \hbox (2.53389pt too wide) in paragraph at lines 1950--1951
[]\T1/cmr/bx/n/10.95 Definition 12.1 \T1/cmr/m/n/10.95 (Tra-jec-to-ry-mem-ory r
ecord)\T1/cmr/bx/n/10.95 . []\T1/cmr/m/n/10.95 For a com-pleted graph-of-though
t DAG $\OML/cmm/m/it/10.95 ^^\ \OT1/cmr/m/n/10.95 = (\OML/cmm/m/it/10.95 G[]; H
[]\OT1/cmr/m/n/10.95 )$\T1/cmr/m/n/10.95 ,
 []

[49 <./toricgt_pg_softmoe_figures/fig_visualization_dashboard.pdf>] [50]
[51]
<./toricgt_pg_softmoe_figures/fig_polar_ring_cache.pdf, id=1719, 658.56035pt x 
320.51746pt>
File: ./toricgt_pg_softmoe_figures/fig_polar_ring_cache.pdf Graphic file (type 
pdf)
<use ./toricgt_pg_softmoe_figures/fig_polar_ring_cache.pdf>
Package pdftex.def Info: ./toricgt_pg_softmoe_figures/fig_polar_ring_cache.pdf 
 used on input line 2088.
(pdftex.def)             Requested size: 469.75502pt x 228.63515pt.
 [52] [53 <./toricgt_pg_softmoe_figures/fig_polar_ring_cache.pdf>]
<./toricgt_pg_softmoe_figures/fig_soft_moe_toricgt_clean.pdf, id=1810, 658.5603
5pt x 331.64702pt>
File: ./toricgt_pg_softmoe_figures/fig_soft_moe_toricgt_clean.pdf Graphic file 
(type pdf)
<use ./toricgt_pg_softmoe_figures/fig_soft_moe_toricgt_clean.pdf>
Package pdftex.def Info: ./toricgt_pg_softmoe_figures/fig_soft_moe_toricgt_clea
n.pdf  used on input line 2158.
(pdftex.def)             Requested size: 469.75502pt x 236.5742pt.
 [54]
[55 <./toricgt_pg_softmoe_figures/fig_soft_moe_toricgt_clean.pdf>]
Underfull \hbox (badness 5260) in paragraph at lines 2248--2249
[]|\T1/cmr/m/n/10.95 use for short-est path, Viterbi,
 []


Underfull \hbox (badness 1552) in paragraph at lines 2248--2249
\T1/cmr/m/n/10.95 active-face, and transitive-closure
 []


Underfull \hbox (badness 10000) in paragraph at lines 2249--2249
[]|\T1/cmr/m/n/10.95 clock/shift/cocycle chan-nels
 []


Underfull \hbox (badness 3884) in paragraph at lines 2249--2250
[]|\T1/cmr/m/n/10.95 regularize lightly; avoid forc-ing
 []


Underfull \hbox (badness 10000) in paragraph at lines 2250--2250
[]|\T1/cmr/m/n/10.95 radical align-ment, tem-
 []


Underfull \hbox (badness 10000) in paragraph at lines 2250--2250
\T1/cmr/m/n/10.95 plate/binyan fea-tures,
 []

[56] [57] [58]
<./toricgt_pg_softmoe_figures/fig_parameter_golf_protocol_clean.pdf, id=1925, 6
58.56035pt x 331.64702pt>
File: ./toricgt_pg_softmoe_figures/fig_parameter_golf_protocol_clean.pdf Graphi
c file (type pdf)
<use ./toricgt_pg_softmoe_figures/fig_parameter_golf_protocol_clean.pdf>
Package pdftex.def Info: ./toricgt_pg_softmoe_figures/fig_parameter_golf_protoc
ol_clean.pdf  used on input line 2363.
(pdftex.def)             Requested size: 469.75502pt x 236.5742pt.
 [59] [60 <./toricgt_pg_softmoe_figures/fig_parameter_golf_protocol_clean.pdf>]
 [61]
Overfull \hbox (1.60928pt too wide) in paragraph at lines 2484--2488
\T1/cmr/m/n/10.95 em-bed-ding and a four-dimensional toric phase vec-tor $\OT1/
cmr/m/n/10.95 ([] 2\OML/cmm/m/it/10.95 ^^Y^^Rp; [] \OT1/cmr/m/n/10.95 2\OML/cmm
/m/it/10.95 ^^Y^^Rp; [] \OT1/cmr/m/n/10.95 2\OML/cmm/m/it/10.95 ^^Y[] p; [] \OT
1/cmr/m/n/10.95 2\OML/cmm/m/it/10.95 ^^Y[] p\OT1/cmr/m/n/10.95 )$\T1/cmr/m/n/10
.95 . 
 []

[62]
Overfull \hbox (196.59312pt too wide) detected at line 2568
[][][]\OMS/cmsy/m/n/10.95 L \OT1/cmr/m/n/10.95 = \OMS/cmsy/m/n/10.95 L[] \OT1/c
mr/m/n/10.95 + \OML/cmm/m/it/10.95 ^^U[]\OMS/cmsy/m/n/10.95 L[] \OT1/cmr/m/n/10
.95 + \OML/cmm/m/it/10.95 ^^U[]\OMS/cmsy/m/n/10.95 L[] \OT1/cmr/m/n/10.95 + \OM
L/cmm/m/it/10.95 ^^U[]\OMS/cmsy/m/n/10.95 L[] \OT1/cmr/m/n/10.95 + \OML/cmm/m/i
t/10.95 ^^U[]\OMS/cmsy/m/n/10.95 L[] \OT1/cmr/m/n/10.95 + \OML/cmm/m/it/10.95 ^
^U[]\OMS/cmsy/m/n/10.95 L[] \OT1/cmr/m/n/10.95 + \OML/cmm/m/it/10.95 ^^U[]\OMS/
cmsy/m/n/10.95 L[] \OT1/cmr/m/n/10.95 + \OML/cmm/m/it/10.95 ^^U[]\OMS/cmsy/m/n/
10.95 L[] \OT1/cmr/m/n/10.95 + []  \OML/cmm/m/it/10.95 :
 []

[63]
Overfull \hbox (45.96277pt too wide) in paragraph at lines 2612--2613
\T1/cmr/m/it/10.95 the un-scored byte val-ues and the model row for step $\OML/
cmm/m/it/10.95 k$ \T1/cmr/m/it/10.95 is a mea-sur-able func-tion only of $\OT1/
cmr/m/n/10.95 (\OML/cmm/m/it/10.95 b[]; [] ; b[]; ^^Y[]; [] ; ^^Y[]\OT1/cmr/m/n
/10.95 )$
 []

[64] [65] [66] [67]
<./toricgt_pg_softmoe_figures/fig_graphcg_topology_analogy_map.pdf, id=2113, 68
6.565pt x 359.47098pt>
File: ./toricgt_pg_softmoe_figures/fig_graphcg_topology_analogy_map.pdf Graphic
 file (type pdf)
<use ./toricgt_pg_softmoe_figures/fig_graphcg_topology_analogy_map.pdf>
Package pdftex.def Info: ./toricgt_pg_softmoe_figures/fig_graphcg_topology_anal
ogy_map.pdf  used on input line 2827.
(pdftex.def)             Requested size: 469.75502pt x 245.9509pt.
 [68] [69 <./toricgt_pg_softmoe_figures/fig_graphcg_topology_analogy_map.pdf>] 
[70]
<./toricgt_pg_softmoe_figures/fig_dec_conservative_reasoning.pdf, id=2247, 732.
30339pt x 370.60057pt>
File: ./toricgt_pg_softmoe_figures/fig_dec_conservative_reasoning.pdf Graphic f
ile (type pdf)
<use ./toricgt_pg_softmoe_figures/fig_dec_conservative_reasoning.pdf>
Package pdftex.def Info: ./toricgt_pg_softmoe_figures/fig_dec_conservative_reas
oning.pdf  used on input line 2963.
(pdftex.def)             Requested size: 469.75502pt x 237.73773pt.
 [71] [72 <./toricgt_pg_softmoe_figures/fig_dec_conservative_reasoning.pdf>]
<./toricgt_pg_softmoe_figures/fig_toric_phase_simplicial_trajectory.pdf, id=238
0, 528.01225pt x 430.3006pt>
File: ./toricgt_pg_softmoe_figures/fig_toric_phase_simplicial_trajectory.pdf Gr
aphic file (type pdf)
<use ./toricgt_pg_softmoe_figures/fig_toric_phase_simplicial_trajectory.pdf>
Package pdftex.def Info: ./toricgt_pg_softmoe_figures/fig_toric_phase_simplicia
l_trajectory.pdf  used on input line 3014.
(pdftex.def)             Requested size: 432.17375pt x 352.19875pt.
 [73 <./toricgt_pg_softmoe_figures/fig_toric_phase_simplicial_trajectory.pdf>]
Overfull \hbox (4.06442pt too wide) in paragraph at lines 3039--3040
[]\T1/cmr/m/n/10.95 compact se-ri-al-iza-tion of \T1/cmtt/m/n/10.95 graph_json 
\T1/cmr/m/n/10.95 node/edge records into the byte stream, so graph-structured
 []

[74]
Overfull \hbox (130.63008pt too wide) in paragraph at lines 3053--3067
\T1/cmtt/m/n/10.95 TOKENGT_IDENTIFIER_WEIGHT\T1/cmr/m/n/10.95 , \T1/cmtt/m/n/10
.95 TOKENGT_ENDPOINT_WEIGHT\T1/cmr/m/n/10.95 , \T1/cmtt/m/n/10.95 TOKENGT_EDGE_
TOKEN_WEIGHT\T1/cmr/m/n/10.95 , \T1/cmtt/m/n/10.95 GRAPH_OUTPUT_EDGE_TOKEN_WEIG
HT\T1/cmr/m/n/10.95 ,
 []

[75] [76] [77] [78] [79] [80] [81]
Overfull \hbox (5.22304pt too wide) in paragraph at lines 3347--3348
[]\T1/cmr/m/n/10.95 Before pub-lish-ing any nor-mal-ized data, re-check ev-ery 
li-cense, pre-serve source at-tri-bu-tion columns,
 []

[82]
Overfull \hbox (12.16194pt too wide) in paragraph at lines 3411--3412
[]\T1/cmr/bx/n/10.95 Phase D: GFlowNet fine-tuning\T1/cmr/m/n/10.95 . Ac-ti-vat
e tra-jec-tory or sub-tra-jec-tory bal-ance over embedding-
 []

[83]
Underfull \hbox (badness 10000) in paragraph at lines 3432--3432
[]|\T1/cmr/m/n/10.95 GFlowNet token-space vs
 []


Underfull \hbox (badness 10000) in paragraph at lines 3433--3433
[]|\T1/cmr/m/n/10.95 Dense FFN vs Soft-MoE
 []

[84]
Overfull \hbox (50.3008pt too wide) in paragraph at lines 3451--3452
\T1/cmr/m/n/10.95 sparse ac-ti-va-tion, UCB ex-pan-sion pres-sure, hid-den self
-correction, con-sen-sus, and tra-jec-tory/subtrajectory
 []

[85] [86] [87] [88]
Overfull \hbox (6.14459pt too wide) in paragraph at lines 3623--3624
[]\T1/cmr/m/n/10.95 The im-ple-mented train-time bridge com-bines these terms w
ith the Koszul-persistence and directed-
 []

[89] [90] [91] [92] [93]
Overfull \hbox (28.18163pt too wide) in paragraph at lines 3888--3888
[]    \T1/cmtt/m/n/10.95 return capped_auxiliary(complex_res + rank_res + fitti
ng_res + betti_res + cone_res)[] 
 []

[94] [95]
Overfull \hbox (3.55103pt too wide) in paragraph at lines 3960--3962
\OML/cmm/m/it/10.95 ^^U[] \OMS/cmsy/m/n/10.95 2 \OT1/cmr/m/n/10.95 [0\OML/cmm/m
/it/10.95 ; \OT1/cmr/m/n/10.95 1]$ \T1/cmr/m/n/10.95 mea-sure spec-tral con-cen
-tra-tion in the pre-scribed band. Given a pro-jected noncommutative-
 []

[96] [97] [98] [99] [100] [101]
Underfull \hbox (badness 1342) in paragraph at lines 4215--4215
[]|\T1/cmr/m/n/10.95 25--50% of heads af-ter
 []


Underfull \hbox (badness 10000) in paragraph at lines 4217--4218
[]|\T1/cmr/m/n/10.95 start with analyzer-supervised
 []


Underfull \hbox (badness 1024) in paragraph at lines 4219--4220
\T1/cmr/m/n/10.95 GFlowNet ac-tions, tar-get un-der
 []


Underfull \hbox (badness 2418) in paragraph at lines 4223--4224
[]|\T1/cmr/m/n/10.95 fallback to fp16/fp32 if un-sup-
 []

[102] [103] [104] [105] [106] [107]
(./toricgt_toric_bgg_rewrite_amelie_schreiber.aux)
 ***********
LaTeX2e <2023-11-01> patch level 1
L3 programming layer <2024-01-22>
 ***********
Package rerunfilecheck Info: File `toricgt_toric_bgg_rewrite_amelie_schreiber.o
ut' has not changed.
(rerunfilecheck)             Checksum: B1A7B945DF75B6DA0A2084C06F5F5505;23965.
 ) 
Here is how much of TeX's memory you used:
 18771 strings out of 476182
 316823 string characters out of 5795595
 1943975 words of memory out of 5000000
 39574 multiletter control sequences out of 15000+600000
 580910 words of font info for 99 fonts, out of 8000000 for 9000
 14 hyphenation exceptions out of 8191
 75i,19n,79p,2951b,640s stack positions out of 10000i,1000n,20000p,200000b,200000s
 </home/iska/.texlive2023/texmf-var/fonts/pk/ljfour/jknappen/ec/ectt1000.600p
k> </home/iska/.texlive2023/texmf-var/fonts/pk/ljfour/jknappen/ec/ecss1095.600p
k> </home/iska/.texlive2023/texmf-var/fonts/pk/ljfour/jknappen/ec/ecrm0800.600p
k> </home/iska/.texlive2023/texmf-var/fonts/pk/ljfour/jknappen/ec/ectt1095.600p
k> </home/iska/.texlive2023/texmf-var/fonts/pk/ljfour/jknappen/ec/ecbx1200.600p
k> </home/iska/.texlive2023/texmf-var/fonts/pk/ljfour/jknappen/ec/ecti1095.600p
k> </home/iska/.texlive2023/texmf-var/fonts/pk/ljfour/jknappen/ec/ecrm1095.600p
k> </home/iska/.texlive2023/texmf-var/fonts/pk/ljfour/jknappen/ec/ecbx1095.600p
k> </home/iska/.texlive2023/texmf-var/fonts/pk/ljfour/jknappen/ec/ecbx1440.600p
k> </home/iska/.texlive2023/texmf-var/fonts/pk/ljfour/jknappen/ec/ecrm1000.600p
k> </home/iska/.texlive2023/texmf-var/fonts/pk/ljfour/jknappen/ec/ecbx1000.600p
k> </home/iska/.texlive2023/texmf-var/fonts/pk/ljfour/jknappen/ec/ecrm1200.600p
k> </home/iska/.texlive2023/texmf-var/fonts/pk/ljfour/jknappen/ec/ecrm1728.600p
k></usr/share/texlive/texmf-dist/fonts/type1/public/amsfonts/cm/cmbx10.pfb></us
r/share/texlive/texmf-dist/fonts/type1/public/amsfonts/cm/cmex10.pfb></usr/shar
e/texlive/texmf-dist/fonts/type1/public/amsfonts/cmextra/cmex8.pfb></usr/share/
texlive/texmf-dist/fonts/type1/public/amsfonts/cm/cmmi10.pfb></usr/share/texliv
e/texmf-dist/fonts/type1/public/amsfonts/cm/cmmi6.pfb></usr/share/texlive/texmf
-dist/fonts/type1/public/amsfonts/cm/cmmi8.pfb></usr/share/texlive/texmf-dist/f
onts/type1/public/amsfonts/cm/cmr10.pfb></usr/share/texlive/texmf-dist/fonts/ty
pe1/public/amsfonts/cm/cmr6.pfb></usr/share/texlive/texmf-dist/fonts/type1/publ
ic/amsfonts/cm/cmr8.pfb></usr/share/texlive/texmf-dist/fonts/type1/public/amsfo
nts/cm/cmss10.pfb></usr/share/texlive/texmf-dist/fonts/type1/public/amsfonts/cm
/cmss8.pfb></usr/share/texlive/texmf-dist/fonts/type1/public/amsfonts/cm/cmsy10
.pfb></usr/share/texlive/texmf-dist/fonts/type1/public/amsfonts/cm/cmsy6.pfb></
usr/share/texlive/texmf-dist/fonts/type1/public/amsfonts/cm/cmsy8.pfb></usr/sha
re/texlive/texmf-dist/fonts/type1/public/amsfonts/euler/eufm10.pfb></usr/share/
texlive/texmf-dist/fonts/type1/public/amsfonts/symbols/msbm10.pfb>
Output written on toricgt_toric_bgg_rewrite_amelie_schreiber.pdf (107 pages, 30
25135 bytes).
PDF statistics:
 3746 PDF objects out of 4296 (max. 8388607)
 2130 compressed objects within 22 object streams
 966 named destinations out of 1000 (max. 500000)
 16276 words of extra memory for PDF output out of 17280 (max. 10000000)

