\BOOKMARK [1][-]{section.1}{\376\377\000P\000u\000r\000p\000o\000s\000e\000\040\000a\000n\000d\000\040\000h\000i\000g\000h\000-\000l\000e\000v\000e\000l\000\040\000a\000r\000c\000h\000i\000t\000e\000c\000t\000u\000r\000e}{}% 1
\BOOKMARK [1][-]{section.2}{\376\377\000T\000y\000p\000e\000d\000\040\000a\000t\000t\000r\000i\000b\000u\000t\000e\000d\000\040\000g\000r\000a\000p\000h\000\040\000d\000o\000m\000a\000i\000n\000s}{}% 2
\BOOKMARK [2][-]{subsection.2.1}{\376\377\000G\000r\000a\000p\000h\000\040\000o\000b\000j\000e\000c\000t\000s}{section.2}% 3
\BOOKMARK [1][-]{section.3}{\376\377\000T\000o\000k\000e\000n\000i\000z\000a\000t\000i\000o\000n\000\040\000a\000s\000\040\000a\000n\000\040\000e\000q\000u\000i\000v\000a\000r\000i\000a\000n\000t\000\040\000c\000o\000n\000s\000t\000r\000u\000c\000t\000i\000o\000n}{}% 4
\BOOKMARK [2][-]{subsection.3.1}{\376\377\000T\000o\000k\000e\000n\000\040\000m\000a\000p\000s}{section.3}% 5
\BOOKMARK [2][-]{subsection.3.2}{\376\377\000A\000t\000t\000e\000n\000t\000i\000o\000n\000\040\000a\000n\000d\000\040\000b\000l\000o\000c\000k\000\040\000e\000q\000u\000i\000v\000a\000r\000i\000a\000n\000c\000e}{section.3}% 6
\BOOKMARK [1][-]{section.4}{\376\377\000U\000n\000i\000v\000e\000r\000s\000a\000l\000\040\000g\000r\000a\000p\000h\000-\000t\000o\000-\000g\000r\000a\000p\000h\000\040\000a\000p\000p\000r\000o\000x\000i\000m\000a\000t\000i\000o\000n}{}% 7
\BOOKMARK [1][-]{section.5}{\376\377\000T\000r\000o\000p\000i\000c\000a\000l\000\040\000r\000i\000n\000g\000\040\000a\000t\000t\000e\000n\000t\000i\000o\000n\000\040\000a\000n\000d\000\040\000s\000e\000m\000i\000r\000i\000n\000g\000\040\000r\000e\000a\000s\000o\000n\000i\000n\000g}{}% 8
\BOOKMARK [2][-]{subsection.5.1}{\376\377\000M\000a\000x\000-\000p\000l\000u\000s\000\040\000h\000e\000a\000d\000s\000\040\000w\000i\000t\000h\000\040\000p\000r\000o\000v\000e\000n\000a\000n\000c\000e}{section.5}% 9
\BOOKMARK [2][-]{subsection.5.2}{\376\377\000D\000y\000n\000a\000m\000i\000c\000-\000p\000r\000o\000g\000r\000a\000m\000m\000i\000n\000g\000\040\000g\000a\000t\000e\000s}{section.5}% 10
\BOOKMARK [1][-]{section.6}{\376\377\000T\000o\000r\000i\000c\000\040\000g\000e\000o\000m\000e\000t\000r\000y\000\040\000o\000f\000\040\000n\000e\000u\000r\000a\000l\000-\000n\000e\000t\000w\000o\000r\000k\000\040\000c\000h\000a\000r\000t\000s}{}% 11
\BOOKMARK [2][-]{subsection.6.1}{\376\377\000M\000i\000n\000i\000m\000a\000l\000\040\000t\000o\000r\000i\000c\000\040\000d\000i\000c\000t\000i\000o\000n\000a\000r\000y}{section.6}% 12
\BOOKMARK [2][-]{subsection.6.2}{\376\377\000R\000e\000L\000U\000\040\000f\000a\000n\000s\000,\000\040\000C\000a\000r\000t\000i\000e\000r\000\040\000d\000a\000t\000a\000,\000\040\000a\000n\000d\000\040\000T\000o\000r\000i\000c\000G\000T\000\040\000d\000i\000a\000g\000n\000o\000s\000t\000i\000c\000s}{section.6}% 13
\BOOKMARK [2][-]{subsection.6.3}{\376\377\000M\000o\000m\000e\000n\000t\000\040\000f\000e\000a\000t\000u\000r\000e\000s\000\040\000a\000n\000d\000\040\000c\000o\000m\000p\000a\000c\000t\000\040\000t\000o\000r\000i\000c\000\040\000r\000e\000g\000u\000l\000a\000r\000i\000z\000a\000t\000i\000o\000n}{section.6}% 14
\BOOKMARK [2][-]{subsection.6.4}{\376\377\000T\000o\000r\000i\000c\000\040\000a\000u\000x\000i\000l\000i\000a\000r\000y\000\040\000l\000o\000s\000s\000e\000s\000\040\000f\000o\000r\000\040\000t\000r\000a\000i\000n\000i\000n\000g}{section.6}% 15
\BOOKMARK [2][-]{subsection.6.5}{\376\377\000E\000m\000b\000e\000d\000d\000i\000n\000g\000\040\000t\000r\000o\000p\000i\000c\000a\000l\000\040\000r\000i\000n\000g\000\040\000a\000t\000t\000e\000n\000t\000i\000o\000n\000\040\000i\000n\000t\000o\000\040\000t\000o\000r\000i\000c\000\040\000v\000a\000r\000i\000e\000t\000i\000e\000s}{section.6}% 16
\BOOKMARK [1][-]{section.7}{\376\377\000T\000o\000r\000i\000c\000\040\000B\000G\000G\000\040\000s\000t\000r\000u\000c\000t\000u\000r\000e\000\040\000a\000s\000\040\000t\000r\000a\000i\000n\000a\000b\000l\000e\000\040\000s\000u\000p\000e\000r\000v\000i\000s\000i\000o\000n}{}% 17
\BOOKMARK [2][-]{subsection.7.1}{\376\377\000T\000h\000r\000e\000e\000\040\000B\000G\000G\000\040\000i\000n\000p\000u\000t\000s\000\040\000a\000n\000d\000\040\000w\000h\000a\000t\000\040\000t\000h\000e\000y\000\040\000c\000o\000n\000t\000r\000i\000b\000u\000t\000e}{section.7}% 18
\BOOKMARK [2][-]{subsection.7.2}{\376\377\000F\000i\000n\000i\000t\000e\000\040\000p\000r\000o\000x\000y\000\040\000a\000l\000g\000e\000b\000r\000a\000s}{section.7}% 19
\BOOKMARK [2][-]{subsection.7.3}{\376\377\000T\000h\000e\000\040\000m\000u\000l\000t\000i\000g\000r\000a\000d\000e\000d\000\040\000B\000G\000G\000\040\000d\000i\000f\000f\000e\000r\000e\000n\000t\000i\000a\000l}{section.7}% 20
\BOOKMARK [2][-]{subsection.7.4}{\376\377\000G\000a\000l\000e\000\040\000d\000u\000a\000l\000i\000t\000y\000\040\000a\000n\000d\000\040\000K\000o\000s\000z\000u\000l\000\040\000d\000u\000a\000l\000\040\000c\000u\000r\000r\000i\000c\000u\000l\000a}{section.7}% 21
\BOOKMARK [2][-]{subsection.7.5}{\376\377\000E\000u\000l\000e\000r\000-\000K\000o\000s\000z\000u\000l\000\040\000p\000r\000o\000b\000e\000s\000\040\000a\000n\000d\000\040\000t\000o\000r\000i\000c\000\040\000m\000o\000d\000u\000l\000e\000\040\000t\000h\000e\000o\000r\000y}{section.7}% 22
\BOOKMARK [2][-]{subsection.7.6}{\376\377\000E\000m\000b\000e\000d\000d\000i\000n\000g\000-\000s\000p\000a\000c\000e\000\040\000r\000e\000a\000l\000i\000z\000a\000t\000i\000o\000n\000:\000\040\000B\000G\000G\000\040\000s\000i\000g\000n\000a\000t\000u\000r\000e\000s\000\040\000f\000o\000r\000\040\000G\000r\000a\000p\000h\000C\000G\000\040\000a\000n\000d\000\040\000m\000e\000m\000o\000r\000y}{section.7}% 23
\BOOKMARK [2][-]{subsection.7.7}{\376\377\000B\000e\000h\000a\000v\000i\000o\000r\000\040\000p\000r\000o\000t\000o\000c\000o\000l\000s\000\040\000f\000r\000o\000m\000\040\000t\000o\000r\000i\000c\000-\000t\000r\000o\000p\000i\000c\000a\000l\000\040\000c\000o\000r\000r\000i\000d\000o\000r\000s\000\040\000a\000n\000d\000\040\000a\000l\000g\000e\000b\000r\000a\000i\000c\000\040\000c\000e\000r\000t\000i\000f\000i\000c\000a\000t\000e\000s}{section.7}% 24
\BOOKMARK [2][-]{subsection.7.8}{\376\377\000L\000o\000s\000s\000e\000s\000\040\000u\000s\000e\000d\000\040\000i\000n\000\040\000t\000r\000a\000i\000n\000i\000n\000g}{section.7}% 25
\BOOKMARK [2][-]{subsection.7.9}{\376\377\000W\000h\000y\000\040\000t\000h\000i\000s\000\040\000c\000a\000n\000\040\000i\000m\000p\000r\000o\000v\000e\000\040\000B\000P\000B}{section.7}% 26
\BOOKMARK [2][-]{subsection.7.10}{\376\377\000T\000r\000a\000i\000n\000-\000t\000i\000m\000e\000\040\000c\000o\000m\000p\000u\000t\000a\000t\000i\000o\000n}{section.7}% 27
\BOOKMARK [2][-]{subsection.7.11}{\376\377\000I\000n\000t\000e\000g\000r\000a\000t\000i\000o\000n\000\040\000w\000i\000t\000h\000\040\000t\000h\000e\000\040\000e\000x\000i\000s\000t\000i\000n\000g\000\040\000a\000r\000c\000h\000i\000t\000e\000c\000t\000u\000r\000e}{section.7}% 28
\BOOKMARK [2][-]{subsection.7.12}{\376\377\000M\000e\000t\000r\000i\000c\000s}{section.7}% 29
\BOOKMARK [2][-]{subsection.7.13}{\376\377\000A\000\040\000s\000t\000a\000g\000e\000d\000\040\000t\000r\000a\000i\000n\000i\000n\000g\000\040\000p\000r\000o\000t\000o\000c\000o\000l}{section.7}% 30
\BOOKMARK [1][-]{section.8}{\376\377\000R\000o\000t\000a\000t\000i\000o\000n\000\040\000a\000l\000g\000e\000b\000r\000a\000s\000,\000\040\000n\000o\000n\000c\000o\000m\000m\000u\000t\000a\000t\000i\000v\000e\000\040\000t\000o\000r\000i\000,\000\040\000a\000n\000d\000\040\000s\000p\000i\000r\000a\000l\000\040\000p\000r\000o\000j\000e\000c\000t\000i\000o\000n\000s}{}% 31
\BOOKMARK [2][-]{subsection.8.1}{\376\377\000F\000i\000n\000i\000t\000e\000\040\000W\000e\000y\000l\000\040\000p\000a\000i\000r\000s\000\040\000a\000n\000d\000\040\000n\000o\000r\000m\000a\000l\000\040\000f\000o\000r\000m\000s}{section.8}% 32
\BOOKMARK [2][-]{subsection.8.2}{\376\377\000H\000i\000g\000h\000e\000r\000\040\000n\000o\000n\000c\000o\000m\000m\000u\000t\000a\000t\000i\000v\000e\000\040\000t\000o\000r\000i}{section.8}% 33
\BOOKMARK [2][-]{subsection.8.3}{\376\377\000I\000n\000f\000i\000n\000i\000t\000e\000\040\000s\000p\000i\000r\000a\000l\000\040\000p\000r\000o\000j\000e\000c\000t\000i\000o\000n}{section.8}% 34
\BOOKMARK [2][-]{subsection.8.4}{\376\377\000T\000r\000a\000c\000e\000\040\000s\000u\000p\000e\000r\000v\000i\000s\000i\000o\000n}{section.8}% 35
\BOOKMARK [1][-]{section.9}{\376\377\000H\000e\000b\000r\000e\000w\000\040\000r\000o\000o\000t\000s\000\040\000a\000s\000\040\000g\000r\000a\000p\000h\000-\000s\000t\000r\000u\000c\000t\000u\000r\000e\000d\000\040\000m\000o\000r\000p\000h\000o\000l\000o\000g\000y}{}% 36
\BOOKMARK [2][-]{subsection.9.1}{\376\377\000W\000h\000y\000\040\000H\000e\000b\000r\000e\000w\000\040\000m\000o\000r\000p\000h\000o\000l\000o\000g\000y\000\040\000b\000e\000l\000o\000n\000g\000s\000\040\000i\000n\000\040\000T\000o\000r\000i\000c\000G\000T}{section.9}% 37
\BOOKMARK [2][-]{subsection.9.2}{\376\377\000G\000r\000a\000p\000h\000\040\000c\000o\000n\000s\000t\000r\000u\000c\000t\000i\000o\000n\000\040\000a\000l\000g\000o\000r\000i\000t\000h\000m}{section.9}% 38
\BOOKMARK [2][-]{subsection.9.3}{\376\377\000H\000e\000b\000r\000e\000w\000\040\000m\000o\000r\000p\000h\000o\000l\000o\000g\000y\000\040\000l\000o\000s\000s\000e\000s}{section.9}% 39
\BOOKMARK [2][-]{subsection.9.4}{\376\377\000T\000r\000o\000p\000i\000c\000a\000l\000\040\000a\000l\000i\000g\000n\000m\000e\000n\000t\000\040\000f\000o\000r\000\040\000r\000o\000o\000t\000\040\000e\000x\000t\000r\000a\000c\000t\000i\000o\000n}{section.9}% 40
\BOOKMARK [2][-]{subsection.9.5}{\376\377\000H\000e\000b\000r\000e\000w\000\040\000g\000r\000a\000p\000h\000\040\000t\000a\000s\000k\000s}{section.9}% 41
\BOOKMARK [1][-]{section.10}{\376\377\000R\000e\000a\000s\000o\000n\000i\000n\000g\000\040\000c\000a\000p\000a\000c\000i\000t\000y\000\040\000a\000n\000d\000\040\000v\000i\000s\000u\000a\000l\000i\000z\000a\000t\000i\000o\000n\000\040\000c\000o\000n\000t\000r\000a\000c\000t}{}% 42
\BOOKMARK [1][-]{section.11}{\376\377\000E\000m\000b\000e\000d\000d\000i\000n\000g\000-\000s\000p\000a\000c\000e\000\040\000G\000F\000l\000o\000w\000N\000e\000t\000\040\000f\000i\000n\000e\000-\000t\000u\000n\000i\000n\000g}{}% 43
\BOOKMARK [1][-]{section.12}{\376\377\000A\000n\000t\000i\000c\000i\000p\000a\000t\000i\000v\000e\000\040\000r\000e\000a\000s\000o\000n\000i\000n\000g\000-\000t\000r\000a\000j\000e\000c\000t\000o\000r\000y\000\040\000m\000e\000m\000o\000r\000y}{}% 44
\BOOKMARK [1][-]{section.13}{\376\377\000I\000n\000t\000e\000r\000l\000e\000a\000v\000i\000n\000g\000\040\000P\000o\000l\000a\000r\000Q\000u\000a\000n\000t\000\040\000w\000i\000t\000h\000\040\000T\000o\000r\000i\000c\000G\000T\000\040\000r\000i\000n\000g\000\040\000a\000t\000t\000e\000n\000t\000i\000o\000n}{}% 45
\BOOKMARK [2][-]{subsection.13.1}{\376\377\000A\000p\000p\000l\000i\000c\000a\000b\000i\000l\000i\000t\000y}{section.13}% 46
\BOOKMARK [2][-]{subsection.13.2}{\376\377\000R\000e\000c\000u\000r\000s\000i\000v\000e\000\040\000p\000o\000l\000a\000r\000\040\000t\000r\000a\000n\000s\000f\000o\000r\000m}{section.13}% 47
\BOOKMARK [2][-]{subsection.13.3}{\376\377\000P\000o\000l\000a\000r\000\040\000r\000i\000n\000g\000\040\000c\000a\000c\000h\000e}{section.13}% 48
\BOOKMARK [2][-]{subsection.13.4}{\376\377\000M\000e\000m\000o\000r\000y\000\040\000a\000c\000c\000o\000u\000n\000t\000i\000n\000g}{section.13}% 49
\BOOKMARK [1][-]{section.14}{\376\377\000S\000o\000f\000t\000-\000M\000o\000E\000\040\000T\000o\000r\000i\000c\000G\000T\000\040\000b\000l\000o\000c\000k\000s}{}% 50
\BOOKMARK [2][-]{subsection.14.1}{\376\377\000M\000o\000t\000i\000v\000a\000t\000i\000o\000n\000\040\000a\000n\000d\000\040\000p\000l\000a\000c\000e\000m\000e\000n\000t}{section.14}% 51
\BOOKMARK [2][-]{subsection.14.2}{\376\377\000E\000q\000u\000a\000t\000i\000o\000n\000s}{section.14}% 52
\BOOKMARK [2][-]{subsection.14.3}{\376\377\000T\000y\000p\000e\000d\000\040\000e\000x\000p\000e\000r\000t\000\040\000b\000a\000n\000k\000\040\000f\000o\000r\000\040\000T\000o\000r\000i\000c\000G\000T}{section.14}% 53
\BOOKMARK [2][-]{subsection.14.4}{\376\377\000I\000m\000p\000l\000e\000m\000e\000n\000t\000a\000t\000i\000o\000n\000\040\000d\000e\000t\000a\000i\000l\000s}{section.14}% 54
\BOOKMARK [2][-]{subsection.14.5}{\376\377\000P\000r\000e\000f\000i\000x\000-\000c\000a\000u\000s\000a\000l\000\040\000S\000o\000f\000t\000-\000M\000o\000E\000\040\000f\000o\000r\000\040\000l\000a\000n\000g\000u\000a\000g\000e\000-\000m\000o\000d\000e\000l\000\040\000s\000c\000o\000r\000i\000n\000g}{section.14}% 55
\BOOKMARK [2][-]{subsection.14.6}{\376\377\000S\000o\000f\000t\000-\000M\000o\000E\000\040\000r\000e\000g\000u\000l\000a\000r\000i\000z\000e\000r\000s\000\040\000a\000n\000d\000\040\000d\000i\000a\000g\000n\000o\000s\000t\000i\000c\000s}{section.14}% 56
\BOOKMARK [1][-]{section.15}{\376\377\000P\000a\000r\000a\000m\000e\000t\000e\000r\000-\000G\000o\000l\000f\000\040\000c\000o\000n\000s\000t\000r\000a\000i\000n\000e\000d\000\040\000T\000o\000r\000i\000c\000G\000T}{}% 57
\BOOKMARK [2][-]{subsection.15.1}{\376\377\000C\000o\000n\000t\000e\000s\000t\000\040\000c\000o\000n\000s\000t\000r\000a\000i\000n\000t\000s\000\040\000a\000s\000\040\000e\000n\000g\000i\000n\000e\000e\000r\000i\000n\000g\000\040\000a\000x\000i\000o\000m\000s}{section.15}% 58
\BOOKMARK [2][-]{subsection.15.2}{\376\377\000P\000r\000e\000q\000u\000e\000n\000t\000i\000a\000l\000\040\000B\000P\000B\000\040\000v\000a\000l\000i\000d\000i\000t\000y}{section.15}% 59
\BOOKMARK [2][-]{subsection.15.3}{\376\377\000R\000a\000n\000d\000o\000m\000-\000o\000r\000d\000e\000r\000\040\000g\000r\000a\000p\000h\000\040\000a\000u\000t\000o\000r\000e\000g\000r\000e\000s\000s\000i\000v\000e\000\040\000p\000r\000o\000j\000e\000c\000t\000i\000o\000n}{section.15}% 60
\BOOKMARK [2][-]{subsection.15.4}{\376\377\000B\000y\000t\000e\000-\000s\000a\000f\000e\000\040\000e\000m\000b\000e\000d\000d\000i\000n\000g\000-\000s\000p\000a\000c\000e\000\040\000G\000F\000l\000o\000w\000N\000e\000t\000\040\000a\000c\000t\000i\000o\000n\000s}{section.15}% 61
\BOOKMARK [2][-]{subsection.15.5}{\376\377\000R\000e\000l\000a\000t\000i\000v\000e\000\040\000K\000o\000l\000m\000o\000g\000o\000r\000o\000v\000\040\000d\000i\000a\000g\000n\000o\000s\000t\000i\000c\000s\000\040\000a\000n\000d\000\040\000a\000n\000a\000l\000o\000g\000i\000c\000a\000l\000\040\000h\000e\000l\000p\000e\000r\000\040\000t\000r\000a\000n\000s\000f\000e\000r}{section.15}% 62
\BOOKMARK [2][-]{subsection.15.6}{\376\377\000G\000r\000a\000p\000h\000C\000G\000\040\000b\000a\000s\000e\000s\000\040\000a\000n\000d\000\040\000d\000i\000r\000e\000c\000t\000e\000d\000\040\000t\000o\000p\000o\000l\000o\000g\000i\000c\000a\000l\000\040\000a\000n\000a\000l\000o\000g\000i\000e\000s}{section.15}% 63
\BOOKMARK [2][-]{subsection.15.7}{\376\377\000D\000E\000C\000\040\000c\000o\000n\000s\000e\000r\000v\000a\000t\000i\000v\000e\000\040\000r\000e\000a\000s\000o\000n\000i\000n\000g\000\040\000f\000l\000o\000w}{section.15}% 64
\BOOKMARK [2][-]{subsection.15.8}{\376\377\000M\000i\000c\000r\000o\000-\000T\000o\000r\000i\000c\000G\000T\000\040\000l\000a\000n\000g\000u\000a\000g\000e\000-\000m\000o\000d\000e\000l\000\040\000d\000e\000s\000i\000g\000n}{section.15}% 65
\BOOKMARK [2][-]{subsection.15.9}{\376\377\000S\000o\000f\000t\000-\000M\000o\000E\000\040\000u\000n\000d\000e\000r\000\040\000a\000\040\0001\0006\000\040\000M\000B\000\040\000a\000r\000t\000i\000f\000a\000c\000t\000\040\000c\000a\000p}{section.15}% 66
\BOOKMARK [2][-]{subsection.15.10}{\376\377\000D\000i\000s\000t\000i\000l\000l\000a\000t\000i\000o\000n\000\040\000f\000r\000o\000m\000\040\000T\000o\000r\000i\000c\000G\000T\000\040\000t\000o\000\040\000t\000h\000e\000\040\000c\000o\000n\000t\000e\000s\000t\000\040\000L\000M}{section.15}% 67
\BOOKMARK [2][-]{subsection.15.11}{\376\377\000A\000r\000t\000i\000f\000a\000c\000t\000\040\000p\000a\000c\000k\000i\000n\000g\000\040\000a\000n\000d\000\040\000r\000u\000n\000t\000i\000m\000e\000\040\000i\000m\000p\000l\000e\000m\000e\000n\000t\000a\000t\000i\000o\000n}{section.15}% 68
\BOOKMARK [2][-]{subsection.15.12}{\376\377\000C\000o\000n\000t\000e\000s\000t\000\040\000r\000e\000c\000o\000r\000d\000\040\000f\000o\000l\000d\000e\000r\000\040\000c\000h\000e\000c\000k\000l\000i\000s\000t}{section.15}% 69
\BOOKMARK [2][-]{subsection.15.13}{\376\377\000P\000r\000a\000g\000m\000a\000t\000i\000c\000\040\000r\000i\000s\000k\000\040\000c\000o\000n\000t\000r\000o\000l\000s}{section.15}% 70
\BOOKMARK [2][-]{subsection.15.14}{\376\377\000C\000h\000e\000c\000k\000p\000o\000i\000n\000t\000\040\000t\000r\000i\000a\000g\000e\000\040\000a\000n\000d\000\040\000a\000c\000t\000i\000v\000a\000t\000i\000o\000n\000\040\000g\000a\000t\000e\000s}{section.15}% 71
\BOOKMARK [1][-]{section.16}{\376\377\000D\000a\000t\000a\000s\000e\000t\000s\000,\000\040\000s\000y\000n\000t\000h\000e\000t\000i\000c\000\040\000f\000a\000m\000i\000l\000i\000e\000s\000,\000\040\000a\000n\000d\000\040\000l\000e\000a\000k\000a\000g\000e\000\040\000c\000o\000n\000t\000r\000o\000l}{}% 72
\BOOKMARK [2][-]{subsection.16.1}{\376\377\000T\000r\000a\000i\000n\000i\000n\000g\000\040\000m\000i\000x\000t\000u\000r\000e}{section.16}% 73
\BOOKMARK [2][-]{subsection.16.2}{\376\377\000N\000o\000r\000m\000a\000l\000i\000z\000e\000d\000\040\000r\000e\000c\000o\000r\000d\000\040\000s\000c\000h\000e\000m\000a}{section.16}% 74
\BOOKMARK [2][-]{subsection.16.3}{\376\377\000G\000r\000a\000p\000h\000\040\000c\000o\000n\000v\000e\000r\000s\000i\000o\000n\000\040\000p\000o\000l\000i\000c\000y}{section.16}% 75
\BOOKMARK [2][-]{subsection.16.4}{\376\377\000L\000e\000a\000k\000a\000g\000e\000-\000r\000e\000s\000i\000s\000t\000a\000n\000t\000\040\000s\000p\000l\000i\000t\000t\000i\000n\000g}{section.16}% 76
\BOOKMARK [2][-]{subsection.16.5}{\376\377\000O\000u\000t\000p\000u\000t\000\040\000l\000a\000y\000o\000u\000t\000\040\000a\000n\000d\000\040\000c\000o\000m\000m\000a\000n\000d\000s}{section.16}% 77
\BOOKMARK [2][-]{subsection.16.6}{\376\377\000E\000x\000p\000e\000c\000t\000e\000d\000\040\000s\000c\000a\000l\000e\000\040\000a\000n\000d\000\040\000l\000i\000c\000e\000n\000s\000e\000\040\000h\000a\000n\000d\000l\000i\000n\000g}{section.16}% 78
\BOOKMARK [2][-]{subsection.16.7}{\376\377\000S\000y\000n\000t\000h\000e\000t\000i\000c\000\040\000g\000e\000n\000e\000r\000a\000t\000o\000r\000\040\000s\000p\000e\000c\000i\000f\000i\000c\000a\000t\000i\000o\000n\000s}{section.16}% 79
\BOOKMARK [1][-]{section.17}{\376\377\000M\000o\000d\000e\000l\000,\000\040\000l\000o\000s\000s\000e\000s\000,\000\040\000a\000n\000d\000\040\000t\000r\000a\000i\000n\000i\000n\000g\000\040\000s\000c\000h\000e\000d\000u\000l\000e}{}% 80
\BOOKMARK [2][-]{subsection.17.1}{\376\377\000A\000r\000c\000h\000i\000t\000e\000c\000t\000u\000r\000e}{section.17}% 81
\BOOKMARK [2][-]{subsection.17.2}{\376\377\000C\000o\000m\000p\000o\000s\000i\000t\000e\000\040\000o\000b\000j\000e\000c\000t\000i\000v\000e}{section.17}% 82
\BOOKMARK [2][-]{subsection.17.3}{\376\377\000S\000c\000h\000e\000d\000u\000l\000e}{section.17}% 83
\BOOKMARK [1][-]{section.18}{\376\377\000E\000v\000a\000l\000u\000a\000t\000i\000o\000n\000\040\000a\000n\000d\000\040\000a\000b\000l\000a\000t\000i\000o\000n\000s}{}% 84
\BOOKMARK [1][-]{section.19}{\376\377\000I\000m\000p\000l\000e\000m\000e\000n\000t\000a\000t\000i\000o\000n\000\040\000b\000l\000u\000e\000p\000r\000i\000n\000t}{}% 85
\BOOKMARK [1][-]{section.20}{\376\377\000D\000i\000s\000c\000u\000s\000s\000i\000o\000n\000\040\000a\000n\000d\000\040\000l\000i\000m\000i\000t\000s}{}% 86
\BOOKMARK [1][-]{section.21}{\376\377\000F\000i\000n\000e\000-\000t\000u\000n\000i\000n\000g\000,\000\040\000e\000v\000a\000l\000u\000a\000t\000i\000o\000n\000,\000\040\000a\000n\000d\000\040\000a\000b\000l\000a\000t\000i\000o\000n\000\040\000p\000r\000o\000t\000o\000c\000o\000l}{}% 87
\BOOKMARK [2][-]{subsection.21.1}{\376\377\000C\000h\000e\000c\000k\000p\000o\000i\000n\000t\000\040\000a\000u\000d\000i\000t\000\040\000b\000e\000f\000o\000r\000e\000\040\000r\000e\000t\000r\000a\000i\000n\000i\000n\000g}{section.21}% 88
\BOOKMARK [2][-]{subsection.21.2}{\376\377\000T\000o\000r\000i\000c\000\040\000d\000a\000t\000a\000\040\000c\000u\000r\000r\000i\000c\000u\000l\000u\000m}{section.21}% 89
\BOOKMARK [2][-]{subsection.21.3}{\376\377\000A\000f\000f\000i\000n\000e\000\040\000t\000o\000r\000i\000c\000\040\000c\000h\000a\000r\000t\000s\000\040\000a\000n\000d\000\040\000K\000o\000s\000z\000u\000l\000\040\000p\000e\000r\000s\000i\000s\000t\000e\000n\000c\000e\000\040\000m\000o\000d\000u\000l\000e\000s}{section.21}% 90
\BOOKMARK [2][-]{subsection.21.4}{\376\377\000C\000o\000m\000b\000i\000n\000a\000t\000o\000r\000i\000a\000l\000\040\000c\000o\000m\000m\000u\000t\000a\000t\000i\000v\000e\000-\000a\000l\000g\000e\000b\000r\000a\000\040\000b\000r\000i\000d\000g\000e\000\040\000f\000o\000r\000\040\000t\000r\000a\000i\000n\000i\000n\000g}{section.21}% 91
\BOOKMARK [2][-]{subsection.21.5}{\376\377\000V\000a\000r\000i\000e\000t\000i\000e\000s\000\040\000o\000f\000\040\000c\000o\000m\000p\000l\000e\000x\000e\000s\000,\000\040\000d\000e\000r\000i\000v\000e\000d\000\040\000c\000o\000m\000p\000a\000r\000i\000s\000o\000n\000,\000\040\000a\000n\000d\000\040\000r\000e\000s\000o\000l\000u\000t\000i\000o\000n\000\040\000s\000t\000r\000a\000t\000a}{section.21}% 92
\BOOKMARK [2][-]{subsection.21.6}{\376\377\000A\000b\000l\000a\000t\000i\000o\000n\000\040\000d\000i\000s\000c\000i\000p\000l\000i\000n\000e}{section.21}% 93
\BOOKMARK [2][-]{subsection.21.7}{\376\377\000A\000f\000f\000i\000n\000e\000\040\000C\000o\000x\000e\000t\000e\000r\000,\000\040\000b\000r\000a\000i\000d\000,\000\040\000a\000n\000d\000\040\000t\000o\000r\000i\000c\000\040\000p\000h\000a\000s\000e\000\040\000f\000o\000l\000i\000a\000t\000i\000o\000n\000s}{section.21}% 94
\BOOKMARK [2][-]{subsection.21.8}{\376\377\000S\000l\000e\000p\000i\000a\000n\000\040\000c\000o\000n\000c\000e\000n\000t\000r\000a\000t\000i\000o\000n\000\040\000o\000n\000\040\000t\000o\000r\000i\000c\000\040\000l\000e\000a\000v\000e\000s}{section.21}% 95
\BOOKMARK [2][-]{subsection.21.9}{\376\377\000F\000i\000n\000e\000-\000t\000u\000n\000i\000n\000g\000\040\000o\000b\000j\000e\000c\000t\000i\000v\000e}{section.21}% 96
\BOOKMARK [2][-]{subsection.21.10}{\376\377\000C\000o\000n\000t\000i\000n\000u\000o\000u\000s\000\040\000G\000F\000l\000o\000w\000N\000e\000t\000s\000\040\000o\000n\000\040\000t\000o\000r\000i\000c\000\040\000c\000h\000a\000r\000t\000s}{section.21}% 97
\BOOKMARK [2][-]{subsection.21.11}{\376\377\000E\000m\000b\000e\000d\000d\000i\000n\000g\000-\000s\000p\000a\000c\000e\000\040\000F\000o\000r\000e\000s\000t\000-\000o\000f\000-\000T\000h\000o\000u\000g\000h\000t}{section.21}% 98
\BOOKMARK [2][-]{subsection.21.12}{\376\377\000R\000e\000t\000r\000a\000i\000n\000i\000n\000g\000\040\000p\000r\000o\000t\000o\000c\000o\000l}{section.21}% 99
\BOOKMARK [1][-]{section.22}{\376\377\000C\000o\000n\000c\000l\000u\000s\000i\000o\000n}{}% 100
\BOOKMARK [1][-]{appendix.A}{\376\377\000A\000d\000d\000i\000t\000i\000o\000n\000a\000l\000\040\000p\000r\000o\000o\000f\000\040\000d\000e\000t\000a\000i\000l\000s}{}% 101
\BOOKMARK [2][-]{subsection.A.1}{\376\377\000H\000y\000b\000r\000i\000d\000\040\000u\000n\000i\000v\000e\000r\000s\000a\000l\000\040\000a\000p\000p\000r\000o\000x\000i\000m\000a\000t\000i\000o\000n}{appendix.A}% 102
\BOOKMARK [2][-]{subsection.A.2}{\376\377\000S\000o\000f\000t\000m\000a\000x\000\040\000p\000e\000r\000t\000u\000r\000b\000a\000t\000i\000o\000n\000\040\000w\000i\000t\000h\000\040\000q\000u\000a\000n\000t\000i\000z\000e\000d\000\040\000k\000e\000y\000s}{appendix.A}% 103
\BOOKMARK [1][-]{appendix.B}{\376\377\000G\000r\000a\000p\000h\000\040\000r\000e\000c\000o\000r\000d\000\040\000s\000c\000h\000e\000m\000a}{}% 104
\BOOKMARK [1][-]{appendix.C}{\376\377\000R\000e\000c\000o\000m\000m\000e\000n\000d\000e\000d\000\040\000h\000y\000p\000e\000r\000p\000a\000r\000a\000m\000e\000t\000e\000r\000s}{}% 105
